Command: C:\Espressif\tools\python\v6.0\venv\Scripts\python.exe C:\Software\ESP32\IDF\EIM_EXE\.espressif\v6.0\esp-idf\tools/idf_monitor.py -p COM5 -b 115200 --toolchain-prefix xtensa-esp32-elf- --target esp32 --revision 0 D:\FirstProject_CEEC\rfid_firmware\build\firstProject_CEEC.elf D:\FirstProject_CEEC\rfid_firmware\build\bootloader\bootloader.elf --force-color -m 'C:\Espressif\tools\python\v6.0\venv\Scripts\python.exe' 'C:\Software\ESP32\IDF\EIM_EXE\.espressif\v6.0\esp-idf\tools\idf.py' '-p' 'COM5'

configsip: 0, SPIWP:0xee
clk_drv:0x00,q_drv:0x00,d_drv:0x00,cs0_drv:0x00,hd_drv:0x00,wp_drv:0x00
mode:DIO, clock div:2
load:0x3fff0040,len:6272
load:0x40078000,len:15848
load:0x40080400,len:3920
entry 0x40080644
[0;32mI (27) boot: ESP-IDF v6.0 2nd stage bootloader[0m
[0;32mI (27) boot: compile time Apr 17 2026 12:43:17�ets Jul 29 2019 12:21:46[0m

rst:0x1 (POWERON_RESET),boot:0x13 (SPI_FAST_FLASH_BOOT)
configsip: 0, SPIWP:0xee
clk_drv:0x00,q_drv:0x00,d_drv:0x00,cs0_drv:0x00,hd_drv:0x00,wp_drv:0x00
mode:DIO, clock div:2
load:0x3fff0040,len:6272
load:0x40078000,len:15848
load:0x40080400,len:3920
entry 0x40080644
[0;32mI (27) boot: ESP-IDF v6.0 2nd stage bootloader[0m
[0;32mI (27) boot: compile time Apr 17 2026 12:43:17[0m
[0;32mI (28) boot: Multicore bootloader[0m
[0;32mI (29) boot: chip revision: v3.1[0m
[0;32mI (31) boot.esp32: SPI Speed      : 40MHz[0m
[0;32mI (35) boot.esp32: SPI Mode       : DIO[0m
[0;32mI (39) boot.esp32: SPI Flash Size : 2MB[0m
[0;32mI (42) boot: Enabling RNG early entropy source...[0m
[0;32mI (47) boot: Partition Table:[0m
[0;32mI (49) boot: ## Label            Usage          Type ST Offset   Length[0m
[0;32mI (56) boot:  0 nvs              WiFi data        01 02 00009000 00006000[0m
[0;32mI (62) boot:  1 phy_init         RF data          01 01 0000f000 00001000[0m
[0;32mI (69) boot:  2 factory          factory app      00 00 00010000 00100000[0m
[0;32mI (75) boot: End of partition table[0m
[0;32mI (79) esp_image: segment 0: paddr=00010020 vaddr=3f400020 size=21aach (137900) map[0m
[0;32mI (135) esp_image: segment 1: paddr=00031ad4 vaddr=3ffb0000 size=0474ch ( 18252) load[0m
[0;32mI (142) esp_image: segment 2: paddr=00036228 vaddr=40080000 size=09df0h ( 40432) load[0m
[0;32mI (159) esp_image: segment 3: paddr=00040020 vaddr=400d0020 size=a7268h (684648) map[0m
[0;32mI (403) esp_image: segment 4: paddr=000e7290 vaddr=40089df0 size=0e894h ( 59540) load[0m
[0;32mI (428) esp_image: segment 5: paddr=000f5b2c vaddr=50000000 size=00028h (    40) load[0m
[0;32mI (440) boot: Loaded app from partition at offset 0x10000[0m
[0;32mI (440) boot: Disabling RNG early entropy source...[0m
[0;32mI (451) cpu_start: Multicore app[0m
[0;32mI (459) cpu_start: GPIO 3 and 1 are used as console UART I/O pins[0m
[0;32mI (459) cpu_start: Pro cpu start user code[0m
[0;32mI (459) cpu_start: cpu freq: 160000000 Hz[0m
[0;32mI (461) app_init: Application information:[0m
[0;32mI (465) app_init: Project name:     firstProject_CEEC[0m
[0;32mI (470) app_init: App version:      1[0m
[0;32mI (473) app_init: Compile time:     Apr 17 2026 12:42:59[0m
[0;32mI (478) app_init: ELF file SHA256:  25fa3e65f...[0m
[0;32mI (483) app_init: ESP-IDF:          v6.0[0m
[0;32mI (486) efuse_init: Min chip rev:     v0.0[0m
[0;32mI (490) efuse_init: Max chip rev:     v3.99 [0m
[0;32mI (494) efuse_init: Chip rev:         v3.1[0m
[0;32mI (498) heap_init: Initializing. RAM available for dynamic allocation:[0m
[0;32mI (504) heap_init: At 3FFAE6E0 len 00001920 (6 KiB): DRAM[0m
[0;32mI (509) heap_init: At 3FFB9328 len 00026CD8 (155 KiB): DRAM[0m
[0;32mI (514) heap_init: At 3FFE0440 len 00003AE0 (14 KiB): D/IRAM[0m
[0;32mI (520) heap_init: At 3FFE4350 len 0001BCB0 (111 KiB): D/IRAM[0m
[0;32mI (525) heap_init: At 40098684 len 0000797C (30 KiB): IRAM[0m
[0;32mI (532) spi_flash: detected chip: generic[0m
[0;32mI (534) spi_flash: flash io: dio[0m
[0;33mW (537) spi_flash: Detected size(4096k) larger than the size in the binary image header(2048k). Using the size in the binary image header.[0m
[0;33mW (550) i2c: This driver is an old driver, please migrate your application code to adapt `driver/i2c_master.h`[0m
[0;32mI (561) main_task: Started on CPU0[0m
[0;32mI (571) main_task: Calling app_main()[0m
[0;32mI (601) wifi:wifi driver task: 3ffc0e2c, prio:23, stack:6656, core=0[0m
[0;32mI (611) wifi:wifi firmware version: 44738b4[0m
[0;32mI (611) wifi:wifi certification version: v7.0[0m
[0;32mI (611) wifi:config NVS flash: enabled[0m
[0;32mI (611) wifi:config nano formatting: disabled[0m
[0;32mI (621) wifi:Init data frame dynamic rx buffer num: 32[0m
[0;32mI (621) wifi:Init static rx mgmt buffer num: 5[0m
[0;32mI (631) wifi:Init management short buffer num: 32[0m
[0;32mI (631) wifi:Init dynamic tx buffer num: 32[0m
[0;32mI (631) wifi:Init static rx buffer size: 1600[0m
[0;32mI (641) wifi:Init static rx buffer num: 10[0m
[0;32mI (641) wifi:Init dynamic rx buffer num: 32[0m
[0;32mI (651) wifi_init: rx ba win: 6[0m
[0;32mI (651) wifi_init: accept mbox: 6[0m
[0;32mI (651) wifi_init: tcpip mbox: 32[0m
[0;32mI (651) wifi_init: udp mbox: 6[0m
[0;32mI (661) wifi_init: tcp mbox: 6[0m
[0;32mI (661) wifi_init: tcp tx win: 5760[0m
[0;32mI (661) wifi_init: tcp rx win: 5760[0m
[0;32mI (671) wifi_init: tcp mss: 1440[0m
[0;32mI (671) wifi_init: WiFi IRAM OP enabled[0m
[0;32mI (671) wifi_init: WiFi RX IRAM OP enabled[0m
[0;32mI (681) phy_init: phy_version 4863,a3a4459,Oct 28 2025,14:30:06[0m
[0;32mI (761) wifi:mode : sta (f4:2d:c9:68:4d:e8)[0m
[0;32mI (771) wifi:enable tsf[0m
[0;32mI (771) RFID_LOGIC: Dang khoi tao RFID...[0m
[0;32mI (771) WIFI_LOGIC: Dang thu ket noi den Wi-Fi...[0m
[0;32mI (781) rc522: Initialized (firmware v2.0)[0m
HETHONG: Khoi tao hoan tat. San sang nhan phím...
[0;32mI (811) wifi:new:<13,0>, old:<1,0>, ap:<255,255>, sta:<13,0>, prof:1, snd_ch_cfg:0x0[0m
[0;32mI (811) wifi:state: init -> auth (0xb0)[0m
[0;32mI (821) wifi:state: auth -> assoc (0x0)[0m
[0;32mI (831) wifi:state: assoc -> run (0x10)[0m
[0;32mI (851) wifi:connected with Redmi 13, aid = 7, channel 13, BW20, bssid = 12:1d:6e:89:e5:84[0m
[0;32mI (851) wifi:security: WPA2-PSK, phy: bgn, rssi: -50[0m
[0;32mI (861) wifi:pm start, type: 1[0m

[0;32mI (861) wifi:dp: 1, bi: 102400, li: 3, scale listen interval from 307200 us to 307200 us[0m
[0;32mI (911) wifi:dp: 2, bi: 102400, li: 4, scale listen interval from 307200 us to 409600 us[0m
[0;32mI (911) wifi:AP's beacon interval = 102400 us, DTIM period = 2[0m
[0;32mI (1891) esp_netif_handlers: sta ip: 10.117.25.135, mask: 255.255.255.0, gw: 10.117.25.2[0m
[0;32mI (1891) WIFI_LOGIC: KET NOI THANH CONG! IP cua ESP32 la: 10.117.25.135[0m
BANPHIM: PIN hien tai: 0
BANPHIM: PIN hien tai: 00
BANPHIM: PIN hien tai: 000
BANPHIM: PIN hien tai: 0000
BANPHIM: => XAC NHAN! DANG GUI PIN [0000] LEN SERVER...
[0;32mI (9501) HTTP_CLIENT: Dang gui data: {"auth_type":"pin","credential":"0000"}[0m
[0;32mI (35461) RFID_LOGIC: PHAT HIEN THE![0m
[0;32mI (35461) RFID_LOGIC: Ma UID cua the la: C8605D47B2[0m
[0;32mI (35461) RFID_LOGIC: Da dong goi JSON: {"action":"verify_access","auth_type":"rfid","credential":"C8605D47B2"}[0m
[0;32mI (35471) HTTP_CLIENT: Dang gui data: {"auth_type":"rfid","credential":"C8605D47B2"}[0m
[0;32mI (36051) wifi:<ba-add>idx:0 (ifx:0, 12:1d:6e:89:e5:84), tid:0, ssn:16, winSize:64[0m
[0;32mI (49831) RFID_LOGIC: PHAT HIEN THE![0m
[0;32mI (49831) RFID_LOGIC: Ma UID cua the la: B633FF7903[0m
[0;32mI (49831) RFID_LOGIC: Da dong goi JSON: {"action":"verify_access","auth_type":"rfid","credential":"B633FF7903"}[0m
[0;32mI (49841) HTTP_CLIENT: Dang gui data: {"auth_type":"rfid","credential":"B633FF7903"}[0m
