Command: C:\Espressif\tools\python\v6.0\venv\Scripts\python.exe C:\Software\ESP32\IDF\EIM_EXE\.espressif\v6.0\esp-idf\tools/idf_monitor.py -p COM5 -b 115200 --toolchain-prefix xtensa-esp32-elf- --target esp32 --revision 0 D:\FirstProject_CEEC\rfid_firmware\build\firstProject_CEEC.elf D:\FirstProject_CEEC\rfid_firmware\build\bootloader\bootloader.elf --force-color -m 'C:\Espressif\tools\python\v6.0\venv\Scripts\python.exe' 'C:\Software\ESP32\IDF\EIM_EXE\.espressif\v6.0\esp-idf\tools\idf.py' '-p' 'COM5'
d_drv:0x00,wp_drv:0x00
mode:DIO, clock div:2
load:0x3fff0040,len:6272
load:0x40078000,len:15848
load:0x40080400,len:3920
entry 0x40080644
[0;32mI (27) boot: ESP-IDF v6.0 2nd stage bootloader[0m
[0;32mI (27) boot: compile time Apr 17 2026 12:43:17[0m
[0;32mI (28) boot: Multicore bootloader[0m
[0;32mI (29) boot: chip revision: v3.1�ets Jul 29 2019 12:21:46[0m

rst:0x1 (POWERON_RESET),boot:0x13 (SPI_FAST_FLASH_BOOT)
configsip: 0, SPIWP:0xee
clk_drv:0x00,q_drv:0x00,d_drv:0x00,cs0_drv:0x00,hd_drv:0x00,wp_drv:0x00
mode:DIO, clock div:2
load:0x3fff0040,len:6272
load:0x40078000,len:15848
load:0x40080400,len:3920
entry 0x40080644
[0;32mI (27) boot: ESP-IDF v6.0 2nd stage bootloader[0m
[0;32mI (27) boot: compile time Apr 17 2026 12:43:17[0m
[0;32mI (28) boot: Multicore bootloader[0m
[0;32mI (29) boot: chip revision: v3.1[0m
[0;32mI (31) boot.esp32: SPI Speed      : 40MHz[0m
[0;32mI (35) boot.esp32: SPI Mode       : DIO[0m
[0;32mI (39) boot.esp32: SPI Flash Size : 2MB[0m
[0;32mI (42) boot: Enabling RNG early entropy source...[0m
[0;32mI (47) boot: Partition Table:[0m
[0;32mI (49) boot: ## Label            Usage          Type ST Offset   Length[0m
[0;32mI (56) boot:  0 nvs              WiFi data        01 02 00009000 00006000[0m
[0;32mI (62) boot:  1 phy_init         RF data          01 01 0000f000 00001000[0m
[0;32mI (69) boot:  2 factory          factory app      00 00 00010000 00100000[0m
[0;32mI (75) boot: End of partition table[0m
[0;32mI (79) esp_image: segment 0: paddr=00010020 vaddr=3f400020 size=21a14h (137748) map[0m
[0;32mI (135) esp_image: segment 1: paddr=00031a3c vaddr=3ffb0000 size=0474ch ( 18252) load[0m
[0;32mI (142) esp_image: segment 2: paddr=00036190 vaddr=40080000 size=09e88h ( 40584) load[0m
[0;32mI (159) esp_image: segment 3: paddr=00040020 vaddr=400d0020 size=a63fch (680956) map[0m
[0;32mI (402) esp_image: segment 4: paddr=000e6424 vaddr=40089e88 size=0e7fch ( 59388) load[0m
[0;32mI (426) esp_image: segment 5: paddr=000f4c28 vaddr=50000000 size=00028h (    40) load[0m
[0;32mI (439) boot: Loaded app from partition at offset 0x10000[0m
[0;32mI (439) boot: Disabling RNG early entropy source...[0m
[0;32mI (449) cpu_start: Multicore app[0m
[0;32mI (458) cpu_start: GPIO 3 and 1 are used as console UART I/O pins[0m
[0;32mI (458) cpu_start: Pro cpu start user code[0m
[0;32mI (458) cpu_start: cpu freq: 160000000 Hz[0m
[0;32mI (460) app_init: Application information:[0m
[0;32mI (464) app_init: Project name:     firstProject_CEEC[0m
[0;32mI (468) app_init: App version:      1[0m
[0;32mI (472) app_init: Compile time:     Apr 17 2026 12:42:59[0m
[0;32mI (477) app_init: ELF file SHA256:  ac37f0dfc...[0m
[0;32mI (481) app_init: ESP-IDF:          v6.0[0m
[0;32mI (485) efuse_init: Min chip rev:     v0.0[0m
[0;32mI (489) efuse_init: Max chip rev:     v3.99 [0m
[0;32mI (493) efuse_init: Chip rev:         v3.1[0m
[0;32mI (497) heap_init: Initializing. RAM available for dynamic allocation:[0m
[0;32mI (503) heap_init: At 3FFAE6E0 len 00001920 (6 KiB): DRAM[0m
[0;32mI (508) heap_init: At 3FFB9118 len 00026EE8 (155 KiB): DRAM[0m
[0;32mI (513) heap_init: At 3FFE0440 len 00003AE0 (14 KiB): D/IRAM[0m
[0;32mI (518) heap_init: At 3FFE4350 len 0001BCB0 (111 KiB): D/IRAM[0m
[0;32mI (524) heap_init: At 40098684 len 0000797C (30 KiB): IRAM[0m
[0;32mI (531) spi_flash: detected chip: generic[0m
[0;32mI (533) spi_flash: flash io: dio[0m
[0;33mW (536) spi_flash: Detected size(4096k) larger than the size in the binary image header(2048k). Using the size in the binary image header.[0m
[0;33mW (548) i2c: This driver is an old driver, please migrate your application code to adapt `driver/i2c_master.h`[0m
[0;32mI (559) main_task: Started on CPU0[0m
[0;32mI (569) main_task: Calling app_main()[0m
[0;32mI (609) wifi:wifi driver task: 3ffc0ca0, prio:23, stack:6656, core=0[0m
[0;32mI (619) wifi:wifi firmware version: 44738b4[0m
[0;32mI (619) wifi:wifi certification version: v7.0[0m
[0;32mI (619) wifi:config NVS flash: enabled[0m
[0;32mI (619) wifi:config nano formatting: disabled[0m
[0;32mI (629) wifi:Init data frame dynamic rx buffer num: 32[0m
[0;32mI (629) wifi:Init static rx mgmt buffer num: 5[0m
[0;32mI (629) wifi:Init management short buffer num: 32[0m
[0;32mI (639) wifi:Init dynamic tx buffer num: 32[0m
[0;32mI (639) wifi:Init static rx buffer size: 1600[0m
[0;32mI (649) wifi:Init static rx buffer num: 10[0m
[0;32mI (649) wifi:Init dynamic rx buffer num: 32[0m
[0;32mI (659) wifi_init: rx ba win: 6[0m
[0;32mI (659) wifi_init: accept mbox: 6[0m
[0;32mI (659) wifi_init: tcpip mbox: 32[0m
[0;32mI (659) wifi_init: udp mbox: 6[0m
[0;32mI (669) wifi_init: tcp mbox: 6[0m
[0;32mI (669) wifi_init: tcp tx win: 5760[0m
[0;32mI (669) wifi_init: tcp rx win: 5760[0m
[0;32mI (679) wifi_init: tcp mss: 1440[0m
[0;32mI (679) wifi_init: WiFi IRAM OP enabled[0m
[0;32mI (679) wifi_init: WiFi RX IRAM OP enabled[0m
[0;32mI (689) phy_init: phy_version 4863,a3a4459,Oct 28 2025,14:30:06[0m
[0;32mI (769) phy_init: Saving new calibration data due to checksum failure or outdated calibration data, mode(0)[0m
[0;32mI (799) wifi:mode : sta (f4:2d:c9:68:4d:e8)[0m
[0;32mI (799) wifi:enable tsf[0m
[0;32mI (799) RFID_LOGIC: Dang khoi tao RFID...[0m
[0;32mI (799) WIFI_LOGIC: Dang thu ket noi den Wi-Fi...[0m
[0;32mI (809) rc522: Initialized (firmware v2.0)[0m
HETHONG: Khoi tao hoan tat. San sang nhan phím...
[0;32mI (869) wifi:new:<13,0>, old:<1,0>, ap:<255,255>, sta:<13,0>, prof:1, snd_ch_cfg:0x0[0m
[0;32mI (869) wifi:state: init -> auth (0xb0)[0m
[0;32mI (879) wifi:state: auth -> assoc (0x0)[0m
[0;32mI (889) wifi:state: assoc -> run (0x10)[0m
[0;32mI (899) wifi:state: run -> init (0x2c0)[0m
[0;32mI (909) wifi:new:<13,0>, old:<13,0>, ap:<255,255>, sta:<13,0>, prof:1, snd_ch_cfg:0x0[0m
[0;33mW (909) WIFI_LOGIC: Mat ket noi Wi-Fi. Dang thu lai...[0m
[0;33mW (3339) WIFI_LOGIC: Mat ket noi Wi-Fi. Dang thu lai...[0m
[0;32mI (3429) wifi:new:<13,0>, old:<13,0>, ap:<255,255>, sta:<13,0>, prof:1, snd_ch_cfg:0x0[0m
[0;32mI (3429) wifi:state: init -> auth (0xb0)[0m
[0;32mI (3439) wifi:state: auth -> assoc (0x0)[0m
[0;32mI (3449) wifi:state: assoc -> run (0x10)[0m
[0;32mI (3469) wifi:connected with Redmi 13, aid = 4, channel 13, BW20, bssid = 12:1d:6e:89:e5:84[0m
[0;32mI (3469) wifi:security: WPA2-PSK, phy: bgn, rssi: -45[0m
[0;32mI (3479) wifi:pm start, type: 1[0m

[0;32mI (3479) wifi:dp: 1, bi: 102400, li: 3, scale listen interval from 307200 us to 307200 us[0m
[0;32mI (3529) wifi:dp: 2, bi: 102400, li: 4, scale listen interval from 307200 us to 409600 us[0m
[0;32mI (3529) wifi:AP's beacon interval = 102400 us, DTIM period = 2[0m
[0;32mI (4509) esp_netif_handlers: sta ip: 10.117.25.135, mask: 255.255.255.0, gw: 10.117.25.2[0m
[0;32mI (4509) WIFI_LOGIC: KET NOI THANH CONG! IP cua ESP32 la: 10.117.25.135[0m
[0;32mI (9899) RFID_LOGIC: PHAT HIEN THE![0m
[0;32mI (9899) RFID_LOGIC: Ma UID cua the la: B633FF7903[0m
[0;32mI (9899) RFID_LOGIC: Da dong goi JSON: {"action":"verify_access","auth_type":"rfid","credential":"B633FF7903"}[0m
[0;32mI (9909) HTTP_CLIENT: Dang gui data: {"auth_type":"rfid","credential":"B633FF7903"}[0m
[0;32mI (10599) HTTP_CLIENT: HTTP POST Status = 200, Content-Length = 83[0m
[0;32mI (16339) RFID_LOGIC: PHAT HIEN THE![0m
[0;32mI (16339) RFID_LOGIC: Ma UID cua the la: C8605D47B2[0m
[0;32mI (16339) RFID_LOGIC: Da dong goi JSON: {"action":"verify_access","auth_type":"rfid","credential":"C8605D47B2"}[0m
[0;32mI (16349) HTTP_CLIENT: Dang gui data: {"auth_type":"rfid","credential":"C8605D47B2"}[0m
[0;32mI (16769) HTTP_CLIENT: HTTP POST Status = 200, Content-Length = 83[0m
[0;32mI (16779) wifi:<ba-add>idx:0 (ifx:0, 12:1d:6e:89:e5:84), tid:0, ssn:16, winSize:64[0m
BANPHIM: PIN hien tai: 0
BANPHIM: PIN hien tai: 00
BANPHIM: PIN hien tai: 000
BANPHIM: PIN hien tai: 0000
BANPHIM: => XAC NHAN! DANG GUI PIN [0000] LEN SERVER...
[0;32mI (24829) HTTP_CLIENT: Dang gui data: {"auth_type":"pin","credential":"0000"}[0m
[0;32mI (25359) HTTP_CLIENT: HTTP POST Status = 200, Content-Length = 83[0m
