Command: C:\Espressif\tools\python\v6.0\venv\Scripts\python.exe C:\Software\ESP32\IDF\EIM_EXE\.espressif\v6.0\esp-idf\tools/idf_monitor.py -p COM5 -b 115200 --toolchain-prefix xtensa-esp32-elf- --target esp32 --revision 0 D:\FirstProject_CEEC\rfid_firmware\build\firstProject_CEEC.elf D:\FirstProject_CEEC\rfid_firmware\build\bootloader\bootloader.elf --force-color -m 'C:\Espressif\tools\python\v6.0\venv\Scripts\python.exe' 'C:\Software\ESP32\IDF\EIM_EXE\.espressif\v6.0\esp-idf\tools\idf.py' '-p' 'COM5'
0, SPIWP:0xee
clk_drv:0x00,q_drv:0x00,d_drv:0x00,cs0_drv:0x00,hd_drv:0x00,wp_drv:0x00
mode:DIO, clock div:2
load:0x3fff0040,len:6272
load:0x40078000,len:15848
load:0x40080400,len:3920
entry 0x40080644
[0;32mI (27) boot: ESP-IDF v6.0 2nd stage bootloader[0m
[0;32mI (27) boot: compile time Apr 17 2026 12:43:17�ets Jul 29 2019 12:21:46[0m

rst:0x1 (POWERON_RESET),boot:0x13 (SPI_FAST_FLASH_BOOT)
configsip: 0, SPIWP:0xee
clk_drv:0x00,q_drv:0x00,d_drv:0x00,cs0_drv:0x00,hd_drv:0x00,wp_drv:0x00
mode:DIO, clock div:2
load:0x3fff0040,len:6272
load:0x40078000,len:15848
load:0x40080400,len:3920
entry 0x40080644
[0;32mI (27) boot: ESP-IDF v6.0 2nd stage bootloader[0m
[0;32mI (27) boot: compile time Apr 17 2026 12:43:17[0m
[0;32mI (28) boot: Multicore bootloader[0m
[0;32mI (29) boot: chip revision: v3.1[0m
[0;32mI (31) boot.esp32: SPI Speed      : 40MHz[0m
[0;32mI (35) boot.esp32: SPI Mode       : DIO[0m
[0;32mI (39) boot.esp32: SPI Flash Size : 2MB[0m
[0;32mI (42) boot: Enabling RNG early entropy source...[0m
[0;32mI (47) boot: Partition Table:[0m
[0;32mI (49) boot: ## Label            Usage          Type ST Offset   Length[0m
[0;32mI (56) boot:  0 nvs              WiFi data        01 02 00009000 00006000[0m
[0;32mI (62) boot:  1 phy_init         RF data          01 01 0000f000 00001000[0m
[0;32mI (69) boot:  2 factory          factory app      00 00 00010000 00100000[0m
[0;32mI (75) boot: End of partition table[0m
[0;32mI (79) esp_image: segment 0: paddr=00010020 vaddr=3f400020 size=219f4h (137716) map[0m
[0;32mI (135) esp_image: segment 1: paddr=00031a1c vaddr=3ffb0000 size=0474ch ( 18252) load[0m
[0;32mI (142) esp_image: segment 2: paddr=00036170 vaddr=40080000 size=09ea8h ( 40616) load[0m
[0;32mI (159) esp_image: segment 3: paddr=00040020 vaddr=400d0020 size=a63a8h (680872) map[0m
[0;32mI (402) esp_image: segment 4: paddr=000e63d0 vaddr=40089ea8 size=0e7dch ( 59356) load[0m
[0;32mI (426) esp_image: segment 5: paddr=000f4bb4 vaddr=50000000 size=00028h (    40) load[0m
[0;32mI (439) boot: Loaded app from partition at offset 0x10000[0m
[0;32mI (439) boot: Disabling RNG early entropy source...[0m
[0;32mI (449) cpu_start: Multicore app[0m
[0;32mI (458) cpu_start: GPIO 3 and 1 are used as console UART I/O pins[0m
[0;32mI (458) cpu_start: Pro cpu start user code[0m
[0;32mI (458) cpu_start: cpu freq: 160000000 Hz[0m
[0;32mI (460) app_init: Application information:[0m
[0;32mI (464) app_init: Project name:     firstProject_CEEC[0m
[0;32mI (468) app_init: App version:      1[0m
[0;32mI (472) app_init: Compile time:     Apr 17 2026 12:42:59[0m
[0;32mI (477) app_init: ELF file SHA256:  ca6612a37...[0m
[0;32mI (481) app_init: ESP-IDF:          v6.0[0m
[0;32mI (485) efuse_init: Min chip rev:     v0.0[0m
[0;32mI (489) efuse_init: Max chip rev:     v3.99 [0m
[0;32mI (493) efuse_init: Chip rev:         v3.1[0m
[0;32mI (497) heap_init: Initializing. RAM available for dynamic allocation:[0m
[0;32mI (503) heap_init: At 3FFAE6E0 len 00001920 (6 KiB): DRAM[0m
[0;32mI (508) heap_init: At 3FFB9118 len 00026EE8 (155 KiB): DRAM[0m
[0;32mI (513) heap_init: At 3FFE0440 len 00003AE0 (14 KiB): D/IRAM[0m
[0;32mI (518) heap_init: At 3FFE4350 len 0001BCB0 (111 KiB): D/IRAM[0m
[0;32mI (524) heap_init: At 40098684 len 0000797C (30 KiB): IRAM[0m
[0;32mI (531) spi_flash: detected chip: generic[0m
[0;32mI (533) spi_flash: flash io: dio[0m
[0;33mW (536) spi_flash: Detected size(4096k) larger than the size in the binary image header(2048k). Using the size in the binary image header.[0m
[0;33mW (548) i2c: This driver is an old driver, please migrate your application code to adapt `driver/i2c_master.h`[0m
[0;32mI (559) main_task: Started on CPU0[0m
[0;32mI (569) main_task: Calling app_main()[0m
[0;32mI (609) wifi:wifi driver task: 3ffc0c1c, prio:23, stack:6656, core=0[0m
[0;32mI (619) wifi:wifi firmware version: 44738b4[0m
[0;32mI (619) wifi:wifi certification version: v7.0[0m
[0;32mI (619) wifi:config NVS flash: enabled[0m
[0;32mI (619) wifi:config nano formatting: disabled[0m
[0;32mI (629) wifi:Init data frame dynamic rx buffer num: 32[0m
[0;32mI (629) wifi:Init static rx mgmt buffer num: 5[0m
[0;32mI (629) wifi:Init management short buffer num: 32[0m
[0;32mI (639) wifi:Init dynamic tx buffer num: 32[0m
[0;32mI (639) wifi:Init static rx buffer size: 1600[0m
[0;32mI (649) wifi:Init static rx buffer num: 10[0m
[0;32mI (649) wifi:Init dynamic rx buffer num: 32[0m
[0;32mI (659) wifi_init: rx ba win: 6[0m
[0;32mI (659) wifi_init: accept mbox: 6[0m
[0;32mI (659) wifi_init: tcpip mbox: 32[0m
[0;32mI (659) wifi_init: udp mbox: 6[0m
[0;32mI (669) wifi_init: tcp mbox: 6[0m
[0;32mI (669) wifi_init: tcp tx win: 5760[0m
[0;32mI (669) wifi_init: tcp rx win: 5760[0m
[0;32mI (679) wifi_init: tcp mss: 1440[0m
[0;32mI (679) wifi_init: WiFi IRAM OP enabled[0m
[0;32mI (679) wifi_init: WiFi RX IRAM OP enabled[0m
[0;32mI (689) phy_init: phy_version 4863,a3a4459,Oct 28 2025,14:30:06[0m
[0;32mI (769) phy_init: Saving new calibration data due to checksum failure or outdated calibration data, mode(0)[0m
[0;32mI (789) wifi:mode : sta (f4:2d:c9:68:4d:e8)[0m
[0;32mI (799) wifi:enable tsf[0m
[0;32mI (799) RFID_LOGIC: Dang khoi tao RFID...[0m
[0;32mI (799) WIFI_LOGIC: Dang thu ket noi den Wi-Fi...[0m
[0;32mI (809) rc522: Initialized (firmware v2.0)[0m
HETHONG: Khoi tao hoan tat. San sang nhan phím...
[0;33mW (3219) WIFI_LOGIC: Mat ket noi Wi-Fi. Dang thu lai...[0m
[0;33mW (5639) WIFI_LOGIC: Mat ket noi Wi-Fi. Dang thu lai...[0m
[0;33mW (8059) WIFI_LOGIC: Mat ket noi Wi-Fi. Dang thu lai...[0m
BANPHIM: PIN hien tai: 1
BANPHIM: PIN hien tai: 12
[0;33mW (10479) WIFI_LOGIC: Mat ket noi Wi-Fi. Dang thu lai...[0m
BANPHIM: PIN hien tai: 123
[0;33mW (12899) WIFI_LOGIC: Mat ket noi Wi-Fi. Dang thu lai...[0m
BANPHIM: PIN hien tai: 1234
BANPHIM: => XAC NHAN! DANG GUI PIN [1234] LEN SERVER...
[0;33mW (15319) WIFI_LOGIC: Mat ket noi Wi-Fi. Dang thu lai...[0m
[0;33mW (17739) WIFI_LOGIC: Mat ket noi Wi-Fi. Dang thu lai...[0m
[0;33mW (20159) WIFI_LOGIC: Mat ket noi Wi-Fi. Dang thu lai...[0m
[0;33mW (22579) WIFI_LOGIC: Mat ket noi Wi-Fi. Dang thu lai...[0m
BANPHIM: PIN hien tai: 4
BANPHIM: PIN hien tai: 45
[0;33mW (24999) WIFI_LOGIC: Mat ket noi Wi-Fi. Dang thu lai...[0m
BANPHIM: PIN hien tai: 456
[0;33mW (27419) WIFI_LOGIC: Mat ket noi Wi-Fi. Dang thu lai...[0m
BANPHIM: PIN hien tai: 4567
[0;33mW (29839) WIFI_LOGIC: Mat ket noi Wi-Fi. Dang thu lai...[0m
BANPHIM: Da xoa. PIN hien tai: 456
[0;33mW (32259) WIFI_LOGIC: Mat ket noi Wi-Fi. Dang thu lai...[0m
[0;33mW (34679) WIFI_LOGIC: Mat ket noi Wi-Fi. Dang thu lai...[0m
[0;33mW (37099) WIFI_LOGIC: Mat ket noi Wi-Fi. Dang thu lai...[0m
[0;33mW (39519) WIFI_LOGIC: Mat ket noi Wi-Fi. Dang thu lai...[0m
BANPHIM: PIN hien tai: 4569
BANPHIM: => XAC NHAN! DANG GUI PIN [4569] LEN SERVER...
[0;33mW (41939) WIFI_LOGIC: Mat ket noi Wi-Fi. Dang thu lai...[0m
